15:24:23 **** Auto Build of configuration Debug for project pr_app ****
make all 
Building file: ../src/zynq_pr.c
Invoking: ARM gcc compiler
arm-xilinx-eabi-gcc -Wall -O0 -g3 -c -fmessage-length=0 -I../../standalone_bsp_0/ps7_cortexa9_0/include -MMD -MP -MF"src/zynq_pr.d" -MT"src/zynq_pr.d" -o "src/zynq_pr.o" "../src/zynq_pr.c"
Finished building: ../src/zynq_pr.c
 
Building target: pr_app.elf
Invoking: ARM gcc linker
arm-xilinx-eabi-gcc -Wl,-T -Wl,../src/lscript.ld -L../../standalone_bsp_0/ps7_cortexa9_0/lib -o "pr_app.elf"  ./src/devcfg.o ./src/ff.o ./src/mmc.o ./src/xaxidma.o ./src/xaxidma_bd.o ./src/xaxidma_bdring.o ./src/xaxidma_g.o ./src/xaxidma_sinit.o ./src/zycap.o ./src/zynq_pr.o   -Wl,--start-group,-lxil,-lgcc,-lc,--end-group
Finished building target: pr_app.elf
 
Invoking: ARM Print Size
arm-xilinx-eabi-size pr_app.elf  |tee "pr_app.elf.size"
   text	   data	    bss	    dec	    hex	filename
 106948	   3112	  31596	 141656	  22958	pr_app.elf
Finished building: pr_app.elf.size
 

15:24:25 Build Finished (took 1s.261ms)

